// Jest Snapshot v1, https://goo.gl/fbAQLP

exports[`render correctly 1`] = `
<DocumentFragment>
  .emotion-0 {
  box-sizing: border-box;
  margin: calc((24px - 2px) / 2) 0;
  padding: 0;
  -webkit-text-decoration: none;
  text-decoration: none;
  -webkit-tap-highlight-color: transparent;
  -webkit-font-smooth: antialiased;
  position: relative;
  touch-action: none;
  list-style: none;
  -webkit-appearance: none;
  -moz-appearance: none;
  -ms-appearance: none;
  appearance: none;
  font-family: Open Sans,-apple-system,BlinkMacSystemFont,Helvetica Neue,Helvetica,Segoe UI,Arial,Roboto,PingFang SC,miui,Hiragino Sans GB,Microsoft Yahei,sans-serif;
  height: 2px;
  border-radius: 999px;
  cursor: pointer;
}

.emotion-1 {
  box-sizing: border-box;
  height: 100%;
  border-radius: inherit;
  background-color: #ebedf0;
}

.emotion-2 {
  box-sizing: border-box;
  position: absolute;
  top: 0;
  height: 100%;
  background-color: #1989fa;
  will-change: left,width,top,height,bottom,height;
  border-radius: inherit;
  transition-property: left,width,top,height,bottom,height;
}

.emotion-3 {
  box-sizing: border-box;
  position: absolute;
  top: 50%;
  -webkit-transform: translate(-50%, -50%);
  -moz-transform: translate(-50%, -50%);
  -ms-transform: translate(-50%, -50%);
  transform: translate(-50%, -50%);
  cursor: -webkit-grab;
  cursor: grab;
  touch-action: pan-y;
  transition-property: left,top;
  display: -webkit-inline-box;
  display: -webkit-inline-flex;
  display: -ms-inline-flexbox;
  display: inline-flex;
}

.emotion-4 {
  box-sizing: border-box;
  width: 24px;
  height: 24px;
  border-radius: 50%;
  display: -webkit-inline-box;
  display: -webkit-inline-flex;
  display: -ms-inline-flexbox;
  display: inline-flex;
  -webkit-align-items: center;
  -webkit-box-align: center;
  -ms-flex-align: center;
  align-items: center;
  cursor: unset;
  -webkit-box-pack: center;
  -ms-flex-pack: center;
  -webkit-justify-content: center;
  justify-content: center;
  background-color: #fff;
  box-shadow: 0 1px 2px rgba(0, 0, 0, 0.5);
}

<div
    class="RVuiSlider-root emotion-0"
  >
    <div
      class="RVuiSlider-rail emotion-1"
    />
    <div
      class="RVuiSlider-track emotion-2"
      style="left: 0px; width: 0%;"
    />
    <div
      aria-disabled="false"
      aria-orientation="horizontal"
      aria-valuemax="100"
      aria-valuemin="0"
      aria-valuenow="0"
      class="RVuiSlider-thumb emotion-3"
      role="slider"
      style="left: 0%;"
    >
      <button
        class="RVuiSlider-button emotion-4"
      />
    </div>
  </div>
</DocumentFragment>
`;
