// Jest Snapshot v1, https://goo.gl/fbAQLP

exports[`render correctly 1`] = `
<DocumentFragment>
  <div
    class="rmcv-swipe-cell"
  >
    <div
      class="rmcv-swipe-cell-scroll"
      style="transform: none;"
    >
      <div
        class="rmcv-swipe-cell-content"
      />
    </div>
  </div>
</DocumentFragment>
`;
