// Jest Snapshot v1, https://goo.gl/fbAQLP

exports[`render correctly 1`] = `
<DocumentFragment>
  <div
    class="rmcv-count-down"
  >
    00:00:00
  </div>
</DocumentFragment>
`;
