// Jest Snapshot v1, https://goo.gl/fbAQLP

exports[`render correctly 1`] = `
<DocumentFragment>
  .emotion-0 {
  box-sizing: border-box;
  margin: 0;
  padding: 0;
  -webkit-text-decoration: none;
  text-decoration: none;
  -webkit-tap-highlight-color: transparent;
  -webkit-font-smooth: antialiased;
  position: relative;
  touch-action: none;
  list-style: none;
  -webkit-appearance: none;
  -moz-appearance: none;
  -ms-appearance: none;
  appearance: none;
  font-family: Open Sans,-apple-system,BlinkMacSystemFont,Helvetica Neue,Helvetica,Segoe UI,Arial,Roboto,PingFang SC,miui,Hiragino Sans GB,Microsoft Yahei,sans-serif;
}

.emotion-1 {
  position: fixed;
  left: 0;
  top: 0;
  right: 0;
  bottom: 0;
  -webkit-user-select: none;
  -moz-user-select: none;
  -ms-user-select: none;
  user-select: none;
  will-change: opacity;
  background: rgba(0, 0, 0, 1);
  z-index: 1;
}

.emotion-2 {
  position: fixed;
  left: 0;
  top: 0;
  right: 0;
  bottom: 0;
  -webkit-user-select: none;
  -moz-user-select: none;
  -ms-user-select: none;
  user-select: none;
  overflow: hidden;
  z-index: 1;
}

.emotion-3 {
  display: -webkit-box;
  display: -webkit-flex;
  display: -ms-flexbox;
  display: flex;
  position: absolute;
  top: 0;
  right: 0;
  left: 0;
  -webkit-box-pack: center;
  -ms-flex-pack: center;
  -webkit-justify-content: center;
  justify-content: center;
  -webkit-align-items: center;
  -webkit-box-align: center;
  -ms-flex-align: center;
  align-items: center;
  z-index: 1;
  height: 52px;
}

.emotion-4 {
  color: #fff;
  font-size: 14px;
  line-height: 20px;
  text-shadow: 0 1px 1px #323233;
}

.emotion-5 {
  display: -webkit-box;
  display: -webkit-flex;
  display: -ms-flexbox;
  display: flex;
  overflow: hidden;
  height: 100%;
}

.emotion-6 {
  display: -webkit-box;
  display: -webkit-flex;
  display: -ms-flexbox;
  display: flex;
  -webkit-box-pack: center;
  -ms-flex-pack: center;
  -webkit-justify-content: center;
  justify-content: center;
  -webkit-align-items: center;
  -webkit-box-align: center;
  -ms-flex-align: center;
  align-items: center;
  width: 100vw;
  height: 100%;
  touch-action: none;
  -webkit-user-select: none;
  -moz-user-select: none;
  -ms-user-select: none;
  user-select: none;
}

.emotion-7 {
  transform-origin: center;
  will-change: transform;
  width: 100%;
}

.emotion-8 {
  box-sizing: border-box;
  margin: 0;
  padding: 0;
  -webkit-text-decoration: none;
  text-decoration: none;
  -webkit-tap-highlight-color: transparent;
  -webkit-font-smooth: antialiased;
  position: relative;
  touch-action: none;
  list-style: none;
  -webkit-appearance: none;
  -moz-appearance: none;
  -ms-appearance: none;
  appearance: none;
  font-family: Open Sans,-apple-system,BlinkMacSystemFont,Helvetica Neue,Helvetica,Segoe UI,Arial,Roboto,PingFang SC,miui,Hiragino Sans GB,Microsoft Yahei,sans-serif;
  display: inline-block;
  min-width: 1px;
  min-height: 1px;
  -webkit-flex-shrink: 0;
  -ms-flex-negative: 0;
  flex-shrink: 0;
  display: block;
}

.emotion-8 img {
  height: auto;
}

.emotion-9 {
  box-sizing: border-box;
  display: block;
  width: 100%;
  height: 100%;
}

<div
    class="RVuiImagePreview-root emotion-0"
  >
    <div
      class="emotion-1"
      style="opacity: 0;"
    />
    <div
      class="emotion-2"
    >
      <div
        class="RVuiImagePreview-header emotion-3"
        style="transform: translate3d(0,-100%,0);"
      >
        <span
          class="RVuiImagePreview-index emotion-4"
        >
          1 /4
        </span>
      </div>
      <div
        class="emotion-5"
        style="width: 400vw; transform: none;"
      >
        <div
          class="RVuiImagePreview-item emotion-6"
        >
          <div
            class="emotion-7"
            style="transform: translate3d(0px, 0px, 0) scale(1);"
          >
            <div
              class="RVuiImage-root RVuiImage-statusNone RVuiImagePreview-image emotion-8"
              style="width: 100%;"
            >
              <img
                alt=""
                class="RVuiImage-img emotion-9"
                draggable="false"
                src="https://cdn.jsdelivr.net/npm/@vant/assets/apple-1.jpeg"
              />
            </div>
          </div>
        </div>
        <div
          class="RVuiImagePreview-item emotion-6"
        >
          <div
            class="emotion-7"
            style="transform: translate3d(0px, 0px, 0) scale(1);"
          >
            <div
              class="RVuiImage-root RVuiImage-statusNone RVuiImagePreview-image emotion-8"
              style="width: 100%;"
            >
              <img
                alt=""
                class="RVuiImage-img emotion-9"
                draggable="false"
                src="https://cdn.jsdelivr.net/npm/@vant/assets/apple-2.jpeg"
              />
            </div>
          </div>
        </div>
        <div
          class="RVuiImagePreview-item emotion-6"
        >
          <div
            class="emotion-7"
            style="transform: translate3d(0px, 0px, 0) scale(1);"
          >
            <div
              class="RVuiImage-root RVuiImage-statusNone RVuiImagePreview-image emotion-8"
              style="width: 100%;"
            >
              <img
                alt=""
                class="RVuiImage-img emotion-9"
                draggable="false"
                src="https://cdn.jsdelivr.net/npm/@vant/assets/apple-3.jpeg"
              />
            </div>
          </div>
        </div>
        <div
          class="RVuiImagePreview-item emotion-6"
        >
          <div
            class="emotion-7"
            style="transform: translate3d(0px, 0px, 0) scale(1);"
          >
            <div
              class="RVuiImage-root RVuiImage-statusNone RVuiImagePreview-image emotion-8"
              style="width: 100%;"
            >
              <img
                alt=""
                class="RVuiImage-img emotion-9"
                draggable="false"
                src="https://cdn.jsdelivr.net/npm/@vant/assets/apple-4.jpeg"
              />
            </div>
          </div>
        </div>
      </div>
    </div>
  </div>
</DocumentFragment>
`;
