// Jest Snapshot v1, https://goo.gl/fbAQLP

exports[`render correctly 1`] = `
<DocumentFragment>
  <div
    class="rmc-vant-overlay"
    style="z-index: 1; opacity: 0; display: none;"
  />
</DocumentFragment>
`;
