// Jest Snapshot v1, https://goo.gl/fbAQLP

exports[`render correctly 1`] = `
<DocumentFragment>
  <div
    class="rmcv-step rmcv-touchable"
    style="cursor: cursor;"
  >
    <div
      class="rmcv-step-title"
    />
    <div
      class="rmcv-step-tail"
    />
    <div
      class="rmcv-step-icon-wrapper"
    >
      <span
        class="rmcv-step-dot"
      />
    </div>
  </div>
</DocumentFragment>
`;
