// Jest Snapshot v1, https://goo.gl/fbAQLP

exports[`snapshot 1`] = `
<DocumentFragment>
  <div
    class="rmcv-input-wrapper"
  >
    <div
      class="rmcv-input-container"
    >
      <input
        class="rmcv-input"
        value=""
      />
    </div>
  </div>
</DocumentFragment>
`;
