// Jest Snapshot v1, https://goo.gl/fbAQLP

exports[`render correctly 1`] = `
<DocumentFragment>
  <div
    aria-hidden="true"
    class="rmcv-popup rmcv-popup-none rmcv-popover rmcv-popover-theme-light"
    data-placement="top"
    style="display: none; z-index: 1002; position: fixed;"
  >
    <div
      class="rmcv-popover-arrow"
    />
    <div
      class="rmcv-popover-content"
      role="menu"
    >
      <div
        class="rmcv-popover-action rmcv-popover-action-with-icon rmcv-touchable"
        role="menuitem"
        style="cursor: cursor;"
      >
        <div
          class="rmcv-popover-action-inner"
        >
          <span
            class="rmcv-popover-action-icon"
          >
            1
          </span>
          <span
            class="rmcv-popover-action-text"
          >
            1
          </span>
        </div>
      </div>
    </div>
  </div>
  <button>
    VIEW
  </button>
</DocumentFragment>
`;
