// Jest Snapshot v1, https://goo.gl/fbAQLP

exports[`render correctly 1`] = `
<DocumentFragment>
  <div>
    <div
      class="rmcvant-cell-group"
    />
  </div>
</DocumentFragment>
`;
