// Jest Snapshot v1, https://goo.gl/fbAQLP

exports[`render correctly 1`] = `
<DocumentFragment>
  <span
    aria-label="Arrow"
    class="rmc-vant-icon"
    role="img"
  >
    <svg
      fill="currentColor"
      height="1em"
      version="1.1"
      viewBox="0 0 1024 1024"
      width="1em"
      xmlns="http://www.w3.org/2000/svg"
    >
      <path
        d="M728.223744 520.22784a42.467328 42.467328 0 0 1-11.393024 20.503552L374.90688 882.65728c-16.662528 16.662528-43.677696 16.662528-60.340224 0s-16.662528-43.677696 0-60.340224L626.449408 510.43328 314.614784 198.598656c-16.662528-16.662528-16.662528-43.677696 0-60.340224 16.661504-16.662528 43.676672-16.662528 60.3392 0L716.879872 480.18432c10.860544 10.860544 14.642176 26.120192 11.343872 40.04352z"
      />
    </svg>
  </span>
</DocumentFragment>
`;
