// Jest Snapshot v1, https://goo.gl/fbAQLP

exports[`render correctly 1`] = `
<DocumentFragment>
  .emotion-0 {
  box-sizing: border-box;
}

<div
    class="RVuiSticky-root emotion-0"
  >
    <div
      class="RVuiSticky-content emotion-0"
    />
  </div>
</DocumentFragment>
`;
