// Jest Snapshot v1, https://goo.gl/fbAQLP

exports[`render correctly 1`] = `
<DocumentFragment>
  <div
    aria-hidden="true"
    class="rmcv-overlay"
    style="z-index: 1001; display: none; animation-duration: 0.3s;"
  />
  <div
    aria-hidden="true"
    class="rmcv-popup rmcv-popup-center rmcv-popup-round"
    style="display: none; z-index: 1002;"
  />
</DocumentFragment>
`;
