// Jest Snapshot v1, https://goo.gl/fbAQLP

exports[`render correctly 1`] = `
<DocumentFragment>
  .emotion-0 {
  box-sizing: border-box;
  width: 100%;
  position: relative;
  overflow: hidden;
}

<div
    class=" emotion-0"
  />
</DocumentFragment>
`;
