// Jest Snapshot v1, https://goo.gl/fbAQLP

exports[`render correctly 1`] = `
<DocumentFragment>
  <div
    class="rmcv-swiper rmcv-swiper-touchable"
  >
    <div
      class="rmcv-swiper-measure"
      style="width: 100%; height: 100%;"
    />
    <div
      class="rmcv-swiper-content"
      style="width: 0px; transform: none;"
    >
      <div
        class="rmcv-swiper-item"
        style="width: 0px; transform: none;"
      >
        1
      </div>
      <div
        class="rmcv-swiper-item"
        style="width: 0px; transform: none;"
      >
        2
      </div>
    </div>
    <div
      class="rmcv-swiper-indicators"
    >
      <div
        class="rmcv-swiper-indicator"
        style="background-color: rgba(235, 237, 240, 0.30196078431372547);"
      />
      <div
        class="rmcv-swiper-indicator"
        style="background-color: rgb(25, 137, 250);"
      />
    </div>
  </div>
</DocumentFragment>
`;
