// Jest Snapshot v1, https://goo.gl/fbAQLP

exports[`render correctly 1`] = `
<DocumentFragment>
  .emotion-0 {
  margin: 0;
  box-sizing: border-box;
  padding-bottom: env(safe-area-inset-bottom);
}

<div
    class="emotion-0"
  />
</DocumentFragment>
`;
