// Jest Snapshot v1, https://goo.gl/fbAQLP

exports[`render correctly 1`] = `
<DocumentFragment>
  <div
    class="rmcv-picker"
  >
    <div
      class="rmcv-picker-toolbar"
    >
      <button
        class="rmcv-picker-button rmcv-picker-cancel-button rmcv-touchable"
        style="cursor: cursor;"
      >
        取消
      </button>
      <h4
        class="rmcv-picker-title"
      />
      <button
        class="rmcv-picker-button rmcv-picker-confirm-button rmcv-touchable"
        style="cursor: cursor;"
      >
        确定
      </button>
    </div>
    <div
      class="rmcv-picker-column-container"
    >
      <div
        class="rmcv-picker-column"
        style="height: 264px;"
      >
        <div
          class="rmcv-picker-column-slider"
        >
          <ul
            class="rmcv-picker-column-slider-content"
            style="top: calc(50% - 22px); transform: none;"
          >
            <li
              class="rmcv-picker-option"
              data-selected="true"
              role="button"
              style="height: 44px;"
              tabindex="0"
            >
              A
            </li>
          </ul>
        </div>
      </div>
      <div
        class="rmcv-picker-mask"
        style="background-size: 100% 110px;"
      />
      <div
        class="rmcv-picker-indicator"
        style="height: 44px;"
      />
    </div>
  </div>
</DocumentFragment>
`;
