// Jest Snapshot v1, https://goo.gl/fbAQLP

exports[`render correctly 1`] = `
<DocumentFragment>
  <div
    class="rmcv-picker-column"
    style="height: 264px;"
  >
    <div
      class="rmcv-picker-column-slider"
    >
      <ul
        class="rmcv-picker-column-slider-content"
        style="top: calc(50% - 22px); transform: none;"
      >
        <li
          class="rmcv-picker-option"
          role="button"
          style="height: 44px;"
          tabindex="0"
        >
          A
        </li>
        <li
          class="rmcv-picker-option"
          role="button"
          style="height: 44px;"
          tabindex="0"
        >
          B
        </li>
        <li
          class="rmcv-picker-option"
          role="button"
          style="height: 44px;"
          tabindex="0"
        >
          C
        </li>
      </ul>
    </div>
  </div>
</DocumentFragment>
`;
