// Jest Snapshot v1, https://goo.gl/fbAQLP

exports[`render correctly 1`] = `
<DocumentFragment>
  .emotion-0 {
  margin: 0;
  padding: 0;
  box-sizing: border-box;
  min-height: 1px;
  -webkit-flex: 1;
  -ms-flex: 1;
  flex: 1;
  max-width: 100%;
}

<div
    class="RVuiCol-root emotion-0"
  />
</DocumentFragment>
`;
