// Jest Snapshot v1, https://goo.gl/fbAQLP

exports[`render correctly 1`] = `
<DocumentFragment>
  .emotion-0 {
  box-sizing: border-box;
  margin: 0;
  padding: 0;
  -webkit-text-decoration: none;
  text-decoration: none;
  -webkit-tap-highlight-color: transparent;
  -webkit-font-smooth: antialiased;
  position: relative;
  touch-action: none;
  list-style: none;
  -webkit-appearance: none;
  -moz-appearance: none;
  -ms-appearance: none;
  appearance: none;
  font-family: Open Sans,-apple-system,BlinkMacSystemFont,Helvetica Neue,Helvetica,Segoe UI,Arial,Roboto,PingFang SC,miui,Hiragino Sans GB,Microsoft Yahei,sans-serif;
  display: inline-block;
  min-width: 1px;
  min-height: 1px;
  -webkit-flex-shrink: 0;
  -ms-flex-negative: 0;
  flex-shrink: 0;
}

.emotion-1 {
  box-sizing: border-box;
  display: block;
  width: 100%;
  height: 100%;
}

<div
    class="RVuiImage-root RVuiImage-statusNone emotion-0"
    style="width: 100%; height: 100px;"
  >
    <img
      alt=""
      class="RVuiImage-img emotion-1"
      draggable="false"
    />
  </div>
</DocumentFragment>
`;
