// Jest Snapshot v1, https://goo.gl/fbAQLP

exports[`render correctly 1`] = `
<DocumentFragment>
  <div
    aria-hidden="false"
    class="rmcv-popup rmcv-popup-center rmcv-popup-round rmcv-toast rmcv-toast-normal"
    style="z-index: 1002;"
  >
    <div
      class="rmcv-toast-message"
    />
  </div>
</DocumentFragment>
`;
