// Jest Snapshot v1, https://goo.gl/fbAQLP

exports[`render correctly 1`] = `
<DocumentFragment>
  <div
    class="rmcv-divider rmcv-divider-center"
  >
    <div
      class="rmcv-divider-border"
    />
    <div
      class="rmcv-divider-content"
    />
  </div>
</DocumentFragment>
`;
