// Jest Snapshot v1, https://goo.gl/fbAQLP

exports[`render correctly 1`] = `
<DocumentFragment>
  <div
    aria-valuemax="100"
    aria-valuemin="0"
    aria-valuenow="0"
    class="rmcvant-progress"
    role="progressbar"
  >
    <div
      class="rmcvant-progress-bg"
      style="width: 0%;"
    />
    <div
      class="rmcvant-progress-pivot"
      style="left: 0px;"
    >
      0%
    </div>
  </div>
</DocumentFragment>
`;
