// Jest Snapshot v1, https://goo.gl/fbAQLP

exports[`render correctly 1`] = `
<DocumentFragment>
  <button
    class="rmc-vant-btn rmc-vant-btn-hairline rmc-vant-btn-normal rmc-vant-btn-square"
    role="button"
  />
</DocumentFragment>
`;
