// Jest Snapshot v1, https://goo.gl/fbAQLP

exports[`render correctly 1`] = `
<DocumentFragment>
  .emotion-0 {
  box-sizing: border-box;
  margin: 0;
  padding: 0;
  -webkit-text-decoration: none;
  text-decoration: none;
  -webkit-tap-highlight-color: transparent;
  -webkit-font-smooth: antialiased;
  position: relative;
  touch-action: none;
  list-style: none;
  -webkit-appearance: none;
  -moz-appearance: none;
  -ms-appearance: none;
  appearance: none;
  font-family: Open Sans,-apple-system,BlinkMacSystemFont,Helvetica Neue,Helvetica,Segoe UI,Arial,Roboto,PingFang SC,miui,Hiragino Sans GB,Microsoft Yahei,sans-serif;
  display: -webkit-inline-box;
  display: -webkit-inline-flex;
  display: -ms-inline-flexbox;
  display: inline-flex;
  -webkit-align-items: center;
  -webkit-box-align: center;
  -ms-flex-align: center;
  align-items: center;
  cursor: pointer;
  gap: 8px;
}

.emotion-1 {
  position: relative;
  display: -webkit-inline-box;
  display: -webkit-inline-flex;
  display: -ms-inline-flexbox;
  display: inline-flex;
  -webkit-align-items: center;
  -webkit-box-align: center;
  -ms-flex-align: center;
  align-items: center;
  -webkit-box-pack: center;
  -ms-flex-pack: center;
  -webkit-justify-content: center;
  justify-content: center;
  height: 1em;
  min-width: 1em;
  -webkit-user-select: none;
  -moz-user-select: none;
  -ms-user-select: none;
  user-select: none;
  font-size: 20px;
  box-sizing: content-box;
  transition-property: border-color,background-color,color;
  transition-duration: 0.2s;
  border: 1px solid #c8c9cc;
  border-radius: 0.5em;
}

.emotion-2 {
  position: absolute;
  left: 0;
  top: 0;
  right: 0;
  bottom: 0;
  opacity: 0;
  cursor: inherit;
  visibility: hidden;
}

.emotion-3 {
  color: #323233;
  line-height: 20px;
  box-sizing: border-box;
}

<label
    class="RVuiCheckbox-root emotion-0"
  >
    <div
      class="RVuiCheckbox-inner emotion-1"
    >
      <input
        class="RVuiCheckbox-input emotion-2"
        type="checkbox"
        value=""
      />
    </div>
    <span
      class="RVuiCheckbox-label emotion-3"
    >
      name
    </span>
  </label>
</DocumentFragment>
`;
